rc=0
J2ME dist-jit rt=off(play) game=1 MIPS/cpu=238.09 hostBusy=0.117 load=3.58->3.55 busy=0.988 cpu=1.881 v/wall=1.881 fps=62.32 MIPS=235.17 ms/Mi=4.252 duty=1 insns/frame=3773381 Mi=5626.1 vWin=45.009 tbGen/Mi=1.472 halts/s=0 wall=23.92 load=3.55 4.18 4.61
J2ME dist-jit rt=off(play) game=2 MIPS/cpu=226.55 hostBusy=0.127 load=3.74->4.08 busy=0.987 cpu=1.789 v/wall=1.789 fps=62.41 MIPS=223.6 ms/Mi=4.472 duty=1 insns/frame=3582889 Mi=5625.1 vWin=45.001 tbGen/Mi=1.712 halts/s=0 wall=25.16 load=4.08 4.13 4.55
J2ME dist-jit rt=off(play) game=3 MIPS/cpu=300.83 hostBusy=0.134 load=3.84->3.72 busy=0.985 cpu=2.37 v/wall=2.37 fps=61.36 MIPS=296.29 ms/Mi=3.375 duty=1 insns/frame=4828821 Mi=5625.6 vWin=45.004 tbGen/Mi=0.555 halts/s=0 wall=18.99 load=3.72 4.01 4.47
J2ME dist-jit rt=off(play) game=4 MIPS/cpu=269.27 hostBusy=0.128 load=5.24->4.96 busy=0.984 cpu=2.121 v/wall=2.121 fps=62.44 MIPS=265.09 ms/Mi=3.772 duty=1 insns/frame=4245369 Mi=5625.1 vWin=45.001 tbGen/Mi=0.509 halts/s=0 wall=21.22 load=4.96 4.37 4.56
J2ME sweep dist-jit: g1: MIPS/cpu=238.09 cpu=1.881 Mi=5626.1 load=3.55  g2: MIPS/cpu=226.55 cpu=1.789 Mi=5625.1 load=4.08  g3: MIPS/cpu=300.83 cpu=2.37 Mi=5625.6 load=3.72  g4: MIPS/cpu=269.27 cpu=2.121 Mi=5625.1 load=4.96  /workspace/tests/results/j2me-2026-09-17-16-28-dist-jit-xcen-sweep.json
--- the census (zero xGotoptr would mean the knob is not in this binary)
xGotoptr=38394.105
xwOther=17166.473
xwBx=14786.79
xGototb=9710.467
xGototb1=7280.687
xwDefer=3325.933
xwPsr=1630.294
xwPcst=1066.645
lookup=999.957
lookupQht=558.899
lookupConfl=520.866
execIter=501.054
lookupJc=439.518
xwRfe=418.703
tbIcount=13.833
xSelf=7.542
tbGen=1.472
tbGenCounted=0.905
xGotoptr=38419.789
xwOther=17170.068
xwBx=14817.296
xGototb=8970.363
xGototb1=7305.987
xwDefer=3314.197
xwPsr=1630.941
xwPcst=1069.04
lookup=973.935
lookupQht=530.13
execIter=500.204
lookupConfl=500.147
lookupJc=441.977
xwRfe=418.982
tbIcount=16.677
xSelf=7.545
tbGen=1.712
tbGenCounted=1.034
xGotoptr=24594.496
xwBx=10001.198
xwOther=8938.503
xGototb1=6389.148
xGototb=4864.079
xwPsr=2760.288
xwDefer=1641.797
lookup=957.453
execIter=794.533
lookupJc=734.005
xwRfe=711.333
xwPcst=541.752
lookupQht=222.86
lookupConfl=203.69
xSelf=4.819
tbIcount=4.001
tbGen=0.555
tbGenCounted=0.321
xGotoptr=35276.678
xwBx=14045.981
xwOther=12948.053
xGototb=12333.906
xGototb1=10059.047
xwDefer=4018.537
xwPsr=2867.264
lookup=1059.597
execIter=821.379
lookupJc=760.574
xwRfe=737.879
xwPcst=659.241
lookupQht=298.483
lookupConfl=264.768
xSelf=7.544
tbIcount=4.258
tbGen=0.509
tbGenCounted=0.298
